warning: field is never read: `query_segs`
  --> $WORKSPACE/core/lib/src/route/uri.rs
   |
   |     pub query_segs: Vec<Segment>,
   |     ^^^^^^^^^^^^^^^^^^^^^^^^^^^^
   |
   = note: `#[warn(dead_code)]` on by default

error[E0277]: the trait bound `Unknown: Pool` is not satisfied
  --> tests/ui-fail-stable/database-types.rs:7:10
   |
7  | struct A(Unknown);
   |          ^^^^^^^ the trait `Pool` is not implemented for `Unknown`
   |
note: required by a bound in `rocket_db_pools::Database::Pool`
  --> $WORKSPACE/contrib/db_pools/lib/src/database.rs
   |
   |     type Pool: Pool;
   |                ^^^^ required by this bound in `rocket_db_pools::Database::Pool`

error[E0277]: the trait bound `Vec<i32>: Pool` is not satisfied
  --> tests/ui-fail-stable/database-types.rs:11:10
   |
11 | struct B(Vec<i32>);
   |          ^^^ the trait `Pool` is not implemented for `Vec<i32>`
   |
note: required by a bound in `rocket_db_pools::Database::Pool`
  --> $WORKSPACE/contrib/db_pools/lib/src/database.rs
   |
   |     type Pool: Pool;
   |                ^^^^ required by this bound in `rocket_db_pools::Database::Pool`
